V3 3
FL "C:/Users/Rian/Documents/MICROELETRONICA/Nova pasta/projeto2/reg_mux.vhd" 2024/03/25.00:47:56 P.20131013
EN work/reg_mux 1711338478 \
      FL "C:/Users/Rian/Documents/MICROELETRONICA/Nova pasta/projeto2/reg_mux.vhd" \
      PB ieee/std_logic_1164 1381692176
AR work/reg_mux/Behavioral 1711338479 \
      FL "C:/Users/Rian/Documents/MICROELETRONICA/Nova pasta/projeto2/reg_mux.vhd" \
      EN work/reg_mux 1711338478
